// Jest Snapshot v1, https://goo.gl/fbAQLP

exports[`ContactForm component should render the component correctly 1`] = `
<div>
  <div
    class="block max-w-sm p-6 bg-white border border-gray-200 rounded-lg shadow dark:bg-gray-800 dark:border-gray-700 mx-auto"
  >
    <form
      class="flex flex-col"
    >
      <div
        class="mb-6"
      >
        <label
          class="block mb-2 text-sm font-medium text-gray-900 dark:text-white text-left"
          for="base-input"
        >
          Name
        </label>
        <input
          class="bg-gray-50 border border-gray-300 text-gray-900 text-sm rounded-lg focus:ring-blue-500 focus:border-blue-500 block w-full p-2.5 dark:bg-gray-700 dark:border-gray-600 dark:placeholder-gray-400 dark:text-white dark:focus:ring-blue-500 dark:focus:border-blue-500"
          id="base-input"
          type="text"
          value=""
        />
      </div>
      <div
        class="mb-6"
      >
        <label
          class="block mb-2 text-sm font-medium text-gray-900 dark:text-white text-left"
          for="base-input"
        >
          Last Name
        </label>
        <input
          class="bg-gray-50 border border-gray-300 text-gray-900 text-sm rounded-lg focus:ring-blue-500 focus:border-blue-500 block w-full p-2.5 dark:bg-gray-700 dark:border-gray-600 dark:placeholder-gray-400 dark:text-white dark:focus:ring-blue-500 dark:focus:border-blue-500"
          id="base-input"
          type="text"
          value=""
        />
      </div>
      <div
        class="mb-6"
      >
        <label
          class="block mb-2 text-sm font-medium text-gray-900 dark:text-white text-left"
          for="base-input"
        >
          Phone Number
        </label>
        <input
          class="bg-gray-50 border border-gray-300 text-gray-900 text-sm rounded-lg focus:ring-blue-500 focus:border-blue-500 block w-full p-2.5 dark:bg-gray-700 dark:border-gray-600 dark:placeholder-gray-400 dark:text-white dark:focus:ring-blue-500 dark:focus:border-blue-500"
          id="base-input"
          type="text"
          value=""
        />
      </div>
      <button
        class="text-white bg-gradient-to-r from-green-400 via-green-500 to-green-600 hover:bg-gradient-to-br focus:ring-4 focus:outline-none focus:ring-green-300 dark:focus:ring-green-800 font-medium rounded-lg text-sm px-5 py-2.5 text-center mr-2 mb-2"
        disabled=""
        type="submit"
      >
        Add Contact
      </button>
    </form>
  </div>
</div>
`;
